[2026-04-02T06:58:17.083Z] GET https://vibeisland.app/ → pending (?ms, ?B)
[2026-04-02T06:58:17.319Z] GET https://vibeisland.app/images/cursor-pixel.png → 200 (3ms, 166B)
[2026-04-02T06:58:17.319Z] GET https://fonts.googleapis.com/css2?family=Instrument+Serif:ital@0;1&display=swap → 200 (64ms, 1815B)
[2026-04-02T06:58:17.319Z] GET https://vibeisland.app/_astro/alternatives.Z259qk0B.css → 200 (39ms, 27724B)
[2026-04-02T06:58:17.319Z] GET https://vibeisland.app/_astro/alternatives.BU7l6vyH.css → 200 (39ms, 9133B)
[2026-04-02T06:58:17.319Z] GET https://vibeisland.app/_astro/index.D_1sMEyt.css → 200 (40ms, 15108B)
[2026-04-02T06:58:17.319Z] GET https://vibeisland.app/images/vibe-island-icon.png → 200 (216ms, 652360B)
[2026-04-02T06:58:17.319Z] GET https://vibeisland.app/images/dock/terminal.png → 200 (46ms, 7781B)
[2026-04-02T06:58:17.319Z] GET https://vibeisland.app/images/dock/vibeisland.png → 200 (48ms, 9147B)
[2026-04-02T06:58:17.319Z] GET https://vibeisland.app/_astro/DemoSection.astro_astro_type_script_index_0_lang.DzaOC0If.js → 200 (44ms, 11982B)
[2026-04-02T06:58:17.320Z] GET https://vibeisland.app/cdn-cgi/scripts/5c5dd728/cloudflare-static/email-decode.min.js → 200 (215ms, 1239B)
[2026-04-02T06:58:17.320Z] GET https://vibeisland.app/_astro/Layout.astro_astro_type_script_index_0_lang.BhuTjr-X.js → 200 (44ms, 5210B)
[2026-04-02T06:58:17.320Z] GET https://static.cloudflareinsights.com/beacon.min.js → 200 (240ms, 31169B)
[2026-04-02T06:58:17.320Z] GET https://static.cloudflareinsights.com/beacon.min.js/v8c78df7c7c0f484497ecbca7046644da1771523124516 → 200 (240ms, 31169B)
[2026-04-02T06:58:17.386Z] GET https://us-assets.i.posthog.com/static/array.js → 200 (204ms, 176800B)
[2026-04-02T06:58:17.531Z] GET https://vibeisland.app/images/cursor-pointer.png → 200 (3ms, 180B)
[2026-04-02T06:58:17.533Z] GET https://vibeisland.app/images/hero-wallpaper.webp → 200 (1ms, 148992B)
[2026-04-02T06:58:17.533Z] GET https://vibeisland.app/fonts/DepartureMono-Regular.woff2 → 200 (66ms, 22496B)
[2026-04-02T06:58:17.533Z] GET https://vibeisland.app/_astro/jetbrains-mono-latin-400-normal.V6pRDFza.woff2 → 200 (65ms, 21168B)
[2026-04-02T06:58:17.533Z] GET https://vibeisland.app/_astro/jetbrains-mono-latin-700-normal.BYuf6tUa.woff2 → 200 (65ms, 21908B)
[2026-04-02T06:58:17.533Z] GET https://vibeisland.app/fonts/GeistPixel-Square.woff2 → 200 (66ms, 28616B)
[2026-04-02T06:58:17.560Z] GET https://api.vibeisland.app/api/current-price → 200 (134ms, 45B)
[2026-04-02T06:58:17.662Z] GET https://us-assets.i.posthog.com/array/phc_QOTRCrWpvZLldpURY53LLmzPSqt8fPGNTTo64jl8Y0N/config.js → 200 (30ms, 1275B)
[2026-04-02T06:58:17.694Z] GET https://us-assets.i.posthog.com/static/posthog-recorder.js?v=1.364.5 → 200 (45ms, 249810B)
[2026-04-02T06:58:17.694Z] GET https://us-assets.i.posthog.com/static/surveys.js?v=1.364.5 → 200 (33ms, 89824B)
[2026-04-02T06:58:17.694Z] GET https://us-assets.i.posthog.com/static/dead-clicks-autocapture.js?v=1.364.5 → 200 (44ms, 13004B)
[2026-04-02T06:58:17.694Z] GET https://us-assets.i.posthog.com/static/web-vitals.js?v=1.364.5 → 200 (44ms, 6393B)
[2026-04-02T06:58:17.805Z] POST https://cloudflareinsights.com/cdn-cgi/rum → 204 (88ms, ?B)
[2026-04-02T06:58:57.336Z] GET https://www.conductor.build/ → 200 (191ms, 81482B)
[2026-04-02T06:58:57.538Z] GET https://www.conductor.build/_next/static/media/797e433ab948586e-s.p.dbea232f.woff2 → 200 (363ms, 31288B)
[2026-04-02T06:58:57.538Z] GET https://www.conductor.build/_next/static/media/caa3a2e1cccd8315-s.p.853070df.woff2 → 200 (363ms, 28388B)
[2026-04-02T06:58:57.538Z] GET https://www.conductor.build/_next/image?url=%2Fdark-screenshot-no-bg.png&w=1920&q=75 → 200 (82ms, 119970B)
[2026-04-02T06:58:57.539Z] GET https://www.conductor.build/_next/static/chunks/e6cd6d5e9c73af46.css?dpl=dpl_b4sdURt6UypLSKZRDjyXwcuPKZfT → 200 (36ms, 70288B)
[2026-04-02T06:58:57.539Z] GET https://www.conductor.build/_next/static/chunks/31200a1fa603a3c9.js?dpl=dpl_b4sdURt6UypLSKZRDjyXwcuPKZfT → 200 (62ms, 18831B)
[2026-04-02T06:58:57.539Z] GET https://www.conductor.build/_next/static/chunks/f32cdfb6860e55b1.js?dpl=dpl_b4sdURt6UypLSKZRDjyXwcuPKZfT → 200 (80ms, 86707B)
[2026-04-02T06:58:57.539Z] GET https://www.conductor.build/_next/static/chunks/e84d1e030a526f2e.js?dpl=dpl_b4sdURt6UypLSKZRDjyXwcuPKZfT → 200 (91ms, 213853B)
[2026-04-02T06:58:57.539Z] GET https://www.conductor.build/_next/static/chunks/b019ffadb73a0a27.js?dpl=dpl_b4sdURt6UypLSKZRDjyXwcuPKZfT → 200 (59ms, 85483B)
[2026-04-02T06:58:57.539Z] GET https://www.conductor.build/_next/static/chunks/turbopack-e9e3eda54dd59077.js?dpl=dpl_b4sdURt6UypLSKZRDjyXwcuPKZfT → 200 (54ms, 10384B)
[2026-04-02T06:58:57.539Z] GET https://www.conductor.build/_next/static/chunks/2dda560e62233bf6.js?dpl=dpl_b4sdURt6UypLSKZRDjyXwcuPKZfT → 200 (54ms, 22079B)
[2026-04-02T06:58:57.547Z] GET https://www.conductor.build/_next/static/chunks/e92a3c3cdd503a6f.js?dpl=dpl_b4sdURt6UypLSKZRDjyXwcuPKZfT → 200 (49ms, 72934B)
[2026-04-02T06:58:57.547Z] GET https://www.conductor.build/_next/static/chunks/daf61f63e5ad16ef.js?dpl=dpl_b4sdURt6UypLSKZRDjyXwcuPKZfT → 200 (70ms, 325150B)
[2026-04-02T06:58:57.547Z] GET https://www.conductor.build/_next/static/chunks/5803228e33be9289.js?dpl=dpl_b4sdURt6UypLSKZRDjyXwcuPKZfT → 200 (54ms, 26075B)
[2026-04-02T06:58:57.547Z] GET https://www.conductor.build/_next/static/chunks/281bac03e7aa5733.js?dpl=dpl_b4sdURt6UypLSKZRDjyXwcuPKZfT → 200 (49ms, 281B)
[2026-04-02T06:58:57.547Z] GET https://www.conductor.build/_next/static/chunks/886ab0dc2178a256.js?dpl=dpl_b4sdURt6UypLSKZRDjyXwcuPKZfT → 200 (51ms, 27855B)
[2026-04-02T06:58:57.547Z] GET https://www.conductor.build/_next/static/chunks/d33ed98fa5cf0ddf.js?dpl=dpl_b4sdURt6UypLSKZRDjyXwcuPKZfT → 200 (46ms, 10242B)
[2026-04-02T06:58:57.547Z] GET https://www.conductor.build/_next/static/chunks/d78a06e96bd82686.js?dpl=dpl_b4sdURt6UypLSKZRDjyXwcuPKZfT → 200 (65ms, 11300B)
[2026-04-02T06:58:57.901Z] GET https://us-assets.i.posthog.com/static/array.js → 200 (?ms, 176800B)
[2026-04-02T06:58:57.927Z] GET https://www.conductor.build/_next/image?url=%2Flogo.png&w=48&q=75 → 200 (49ms, 800B)
[2026-04-02T06:58:57.927Z] GET https://www.conductor.build/logos/linear.svg → 200 (34ms, 4623B)
[2026-04-02T06:58:57.928Z] GET https://www.conductor.build/logos/vercel-light.svg → 200 (32ms, 3649B)
[2026-04-02T06:58:57.928Z] GET https://www.conductor.build/logos/notion-wordmark.svg → 200 (36ms, 2556B)
[2026-04-02T06:58:57.928Z] GET https://www.conductor.build/logos/stripe-wordmark.svg → 200 (34ms, 2182B)
[2026-04-02T06:58:57.928Z] GET https://www.conductor.build/_next/image?url=%2Flogos%2Flife360.png&w=128&q=75 → 200 (49ms, 3694B)
[2026-04-02T06:58:57.928Z] GET https://www.conductor.build/logos/blacksmith-wordmark.svg → 200 (34ms, 1947B)
[2026-04-02T06:58:57.928Z] GET https://www.conductor.build/logos/reducto.svg → 200 (46ms, 3522B)
[2026-04-02T06:58:57.928Z] GET https://www.conductor.build/logos/tigris.svg → 200 (50ms, 5490B)
[2026-04-02T06:58:57.928Z] GET https://www.conductor.build/_next/image?url=%2Ftestimonials%2Fnexxel.jpg&w=48&q=75 → 200 (42ms, 258B)
[2026-04-02T06:58:57.928Z] GET https://www.conductor.build/_next/image?url=%2Ftestimonials%2Frichard.jpg&w=48&q=75 → 200 (36ms, 782B)
[2026-04-02T06:58:57.928Z] GET https://www.conductor.build/_next/image?url=%2Ftestimonials%2Fian.jpg&w=48&q=75 → 200 (43ms, 668B)
[2026-04-02T06:58:57.928Z] GET https://www.conductor.build/_next/image?url=%2Ftestimonials%2Fzach.png&w=48&q=75 → 200 (83ms, 778B)
[2026-04-02T06:58:57.928Z] GET https://www.conductor.build/_next/image?url=%2Ftestimonials%2Fovais.jpg&w=48&q=75 → 200 (50ms, 690B)
[2026-04-02T06:58:57.929Z] GET https://www.conductor.build/_next/image?url=%2Ftestimonials%2Fcole.jpg&w=48&q=75 → 200 (33ms, 628B)
[2026-04-02T06:58:57.929Z] GET https://www.conductor.build/_next/image?url=%2Ftestimonials%2Fumar.jpg&w=48&q=75 → 200 (47ms, 570B)
[2026-04-02T06:58:57.929Z] GET https://www.conductor.build/_next/image?url=%2Ftestimonials%2Fraphael.jpg&w=48&q=75 → 200 (32ms, 504B)
[2026-04-02T06:58:57.929Z] GET https://www.conductor.build/_next/image?url=%2Ftestimonials%2Fstammy.jpg&w=48&q=75 → 200 (48ms, 864B)
[2026-04-02T06:58:57.941Z] GET https://us-assets.i.posthog.com/array/phc_K0TwwGfxKutg3yItJ11BlEdt2gYJFtj8LHGiCcnQiGo/config.js → 200 (118ms, 861B)
[2026-04-02T06:58:58.061Z] GET https://us-assets.i.posthog.com/static/surveys.js?v=1.364.5 → pending (?ms, ?B)
[2026-04-02T06:58:58.061Z] GET https://us-assets.i.posthog.com/static/dead-clicks-autocapture.js?v=1.364.5 → pending (?ms, ?B)
[2026-04-02T06:58:58.062Z] GET https://us-assets.i.posthog.com/static/web-vitals.js?v=1.364.5 → pending (?ms, ?B)
[2026-04-02T07:03:58.090Z] POST https://us.i.posthog.com/flags/?v=2&ip=0&_=1775113438084&ver=1.364.5&compression=base64 → 200 (289ms, 125B)
[2026-04-02T07:08:58.087Z] POST https://us.i.posthog.com/flags/?v=2&ip=0&_=1775113738073&ver=1.364.5&compression=base64 → 200 (86ms, 125B)
